ERROR - 2026-05-11 05:06:42 --> Error connecting to the database: mysqli_sql_exception: Connection refused in /home/rivaldo/Bossy S4/GITHUB/REGIME_ALIMENTAIRE/system/Database/MySQLi/Connection.php:201
Stack trace:
#0 /home/rivaldo/Bossy S4/GITHUB/REGIME_ALIMENTAIRE/system/Database/MySQLi/Connection.php(201): mysqli->real_connect()
#1 /home/rivaldo/Bossy S4/GITHUB/REGIME_ALIMENTAIRE/system/Database/BaseConnection.php(555): CodeIgniter\Database\MySQLi\Connection->connect()
#2 /home/rivaldo/Bossy S4/GITHUB/REGIME_ALIMENTAIRE/system/Database/BaseConnection.php(795): CodeIgniter\Database\BaseConnection->initialize()
#3 /home/rivaldo/Bossy S4/GITHUB/REGIME_ALIMENTAIRE/system/Database/BaseBuilder.php(1649): CodeIgniter\Database\BaseConnection->query()
#4 /home/rivaldo/Bossy S4/GITHUB/REGIME_ALIMENTAIRE/system/Model.php(295): CodeIgniter\Database\BaseBuilder->get()
#5 /home/rivaldo/Bossy S4/GITHUB/REGIME_ALIMENTAIRE/system/BaseModel.php(714): CodeIgniter\Model->doFirst()
#6 /home/rivaldo/Bossy S4/GITHUB/REGIME_ALIMENTAIRE/app/Models/UserModel.php(18): CodeIgniter\BaseModel->first()
#7 /home/rivaldo/Bossy S4/GITHUB/REGIME_ALIMENTAIRE/app/Controllers/Auth.php(35): App\Models\UserModel->findByEmail()
#8 /home/rivaldo/Bossy S4/GITHUB/REGIME_ALIMENTAIRE/system/CodeIgniter.php(951): App\Controllers\Auth->authenticate()
#9 /home/rivaldo/Bossy S4/GITHUB/REGIME_ALIMENTAIRE/system/CodeIgniter.php(497): CodeIgniter\CodeIgniter->runController()
#10 /home/rivaldo/Bossy S4/GITHUB/REGIME_ALIMENTAIRE/system/CodeIgniter.php(340): CodeIgniter\CodeIgniter->handleRequest()
#11 /home/rivaldo/Bossy S4/GITHUB/REGIME_ALIMENTAIRE/system/Boot.php(417): CodeIgniter\CodeIgniter->run()
#12 /home/rivaldo/Bossy S4/GITHUB/REGIME_ALIMENTAIRE/system/Boot.php(68): CodeIgniter\Boot::runCodeIgniter()
#13 /home/rivaldo/Bossy S4/GITHUB/REGIME_ALIMENTAIRE/public/index.php(59): CodeIgniter\Boot::bootWeb()
#14 /home/rivaldo/Bossy S4/GITHUB/REGIME_ALIMENTAIRE/system/rewrite.php(44): require_once('...')
#15 {main}

Next CodeIgniter\Database\Exceptions\DatabaseException: Connection refused in /home/rivaldo/Bossy S4/GITHUB/REGIME_ALIMENTAIRE/system/Database/MySQLi/Connection.php:231
Stack trace:
#0 /home/rivaldo/Bossy S4/GITHUB/REGIME_ALIMENTAIRE/system/Database/BaseConnection.php(555): CodeIgniter\Database\MySQLi\Connection->connect()
#1 /home/rivaldo/Bossy S4/GITHUB/REGIME_ALIMENTAIRE/system/Database/BaseConnection.php(795): CodeIgniter\Database\BaseConnection->initialize()
#2 /home/rivaldo/Bossy S4/GITHUB/REGIME_ALIMENTAIRE/system/Database/BaseBuilder.php(1649): CodeIgniter\Database\BaseConnection->query()
#3 /home/rivaldo/Bossy S4/GITHUB/REGIME_ALIMENTAIRE/system/Model.php(295): CodeIgniter\Database\BaseBuilder->get()
#4 /home/rivaldo/Bossy S4/GITHUB/REGIME_ALIMENTAIRE/system/BaseModel.php(714): CodeIgniter\Model->doFirst()
#5 /home/rivaldo/Bossy S4/GITHUB/REGIME_ALIMENTAIRE/app/Models/UserModel.php(18): CodeIgniter\BaseModel->first()
#6 /home/rivaldo/Bossy S4/GITHUB/REGIME_ALIMENTAIRE/app/Controllers/Auth.php(35): App\Models\UserModel->findByEmail()
#7 /home/rivaldo/Bossy S4/GITHUB/REGIME_ALIMENTAIRE/system/CodeIgniter.php(951): App\Controllers\Auth->authenticate()
#8 /home/rivaldo/Bossy S4/GITHUB/REGIME_ALIMENTAIRE/system/CodeIgniter.php(497): CodeIgniter\CodeIgniter->runController()
#9 /home/rivaldo/Bossy S4/GITHUB/REGIME_ALIMENTAIRE/system/CodeIgniter.php(340): CodeIgniter\CodeIgniter->handleRequest()
#10 /home/rivaldo/Bossy S4/GITHUB/REGIME_ALIMENTAIRE/system/Boot.php(417): CodeIgniter\CodeIgniter->run()
#11 /home/rivaldo/Bossy S4/GITHUB/REGIME_ALIMENTAIRE/system/Boot.php(68): CodeIgniter\Boot::runCodeIgniter()
#12 /home/rivaldo/Bossy S4/GITHUB/REGIME_ALIMENTAIRE/public/index.php(59): CodeIgniter\Boot::bootWeb()
#13 /home/rivaldo/Bossy S4/GITHUB/REGIME_ALIMENTAIRE/system/rewrite.php(44): require_once('...')
#14 {main}
CRITICAL - 2026-05-11 05:06:42 --> CodeIgniter\Database\Exceptions\DatabaseException: Unable to connect to the database.
Main connection [MySQLi]: Connection refused
[Method: POST, Route: login]
in SYSTEMPATH/Database/BaseConnection.php on line 606.
 1 SYSTEMPATH/Database/BaseConnection.php(795): CodeIgniter\Database\BaseConnection->initialize()
 2 SYSTEMPATH/Database/BaseBuilder.php(1649): CodeIgniter\Database\BaseConnection->query()
 3 SYSTEMPATH/Model.php(295): CodeIgniter\Database\BaseBuilder->get()
 4 SYSTEMPATH/BaseModel.php(714): CodeIgniter\Model->doFirst()
 5 APPPATH/Models/UserModel.php(18): CodeIgniter\BaseModel->first()
 6 APPPATH/Controllers/Auth.php(35): App\Models\UserModel->findByEmail()
 7 SYSTEMPATH/CodeIgniter.php(951): App\Controllers\Auth->authenticate()
 8 SYSTEMPATH/CodeIgniter.php(497): CodeIgniter\CodeIgniter->runController()
 9 SYSTEMPATH/CodeIgniter.php(340): CodeIgniter\CodeIgniter->handleRequest()
10 SYSTEMPATH/Boot.php(417): CodeIgniter\CodeIgniter->run()
11 SYSTEMPATH/Boot.php(68): CodeIgniter\Boot::runCodeIgniter()
12 FCPATH/index.php(59): CodeIgniter\Boot::bootWeb()
13 SYSTEMPATH/rewrite.php(44): require_once('/home/rivaldo/Bossy S4/GITHUB/REGIME_ALIMENTAIRE/public/index.php')
